syslog debug intrd is starting (debug)
syslog debug GOODNESS: 15.00%
syslog debug GOODNESS: 15.00%
syslog debug GOODNESS: 15.00%
syslog debug GOODNESS: 15.00%
syslog debug GOODNESS: 15.00%
syslog debug GOODNESS: 15.00%
syslog notice Optimizing interrupt assignments
syslog debug goodness 15.00% -->  0.00%
intrmove: buspath=/pci@0,0 oldcpu=1 ino=35 newcpu=2 num_ino=1
intrmove: buspath=/pci@0,0 oldcpu=0 ino=33 newcpu=3 num_ino=1
syslog notice Interrupt assignments optimized
syslog debug GOODNESS: 15.00%
syslog debug GOODNESS: 15.00%
syslog debug GOODNESS: 15.00%
syslog debug GOODNESS: 15.00%
