syslog debug intrd is starting (debug)
syslog debug GOODNESS:  0.00%
syslog debug GOODNESS:  0.00%
syslog debug GOODNESS:  0.00%
syslog debug GOODNESS:  0.00%
syslog debug GOODNESS:  0.00%
syslog debug GOODNESS:  0.00%
syslog debug goodness good enough, don't reconfig
syslog debug setting new baseline of 0
syslog debug GOODNESS:  0.00%
syslog debug GOODNESS:  0.00%
syslog debug GOODNESS:  0.00%
syslog debug GOODNESS:  0.00%
syslog debug GOODNESS:  0.00%
