syslog debug intrd is starting (debug)
syslog debug GOODNESS: 30.00%
syslog debug GOODNESS: 30.00%
syslog debug GOODNESS: 30.00%
syslog debug GOODNESS: 30.00%
syslog debug GOODNESS: 30.00%
syslog debug GOODNESS: 30.00%
syslog notice Optimizing interrupt assignments
syslog debug goodness 30.00% -->  0.00%
intrmove: buspath=/pci@0,0 oldcpu=0 ino=33 newcpu=1 num_ino=1
syslog notice Interrupt assignments optimized
syslog debug GOODNESS: 30.00%
syslog debug GOODNESS: 30.00%
syslog debug GOODNESS: 30.00%
syslog debug GOODNESS: 30.00%
