syslog debug intrd is starting (debug)
syslog debug evaluating interrupt assignments
syslog debug evaluating interrupt assignments
syslog debug evaluating interrupt assignments
syslog debug evaluating interrupt assignments
syslog debug evaluating interrupt assignments
syslog debug evaluating interrupt assignments
