syslog debug intrd is starting (debug)
syslog debug sleeptime: 10 -> 45
syslog debug GOODNESS:  0.00%
syslog debug GOODNESS:  0.00%
syslog debug GOODNESS:  0.00%
syslog debug GOODNESS:  0.00%
syslog debug GOODNESS:  0.00%
syslog debug evaluating interrupt assignments
syslog debug GOODNESS:  0.00%
syslog debug GOODNESS:  0.00%
syslog debug GOODNESS:  0.00%
syslog debug GOODNESS:  0.00%
