../locklint: acquisition-prefix-alias.c:125: warning: locklint: lock 'prefix_alias_state::first' acquired out of declared order while holding 'prefix_alias_state::second' [declared-order]
../locklint: acquisition-prefix-alias.c:36: locklint: declared order requires 'prefix_alias_state::first' before 'prefix_alias_state::second'
../locklint: acquisition-prefix-alias.c:62: locklint: lock acquisition reached through callee 'target_before_release'
