../locklint: annotation-names.c:81: warning: locklint: protected member 'global_value' accessed without holding 'global_lock' [unprotected-access]
../locklint: annotation-names.c:86: warning: locklint: protected member 'direct' accessed without holding 'lock' [unprotected-access]
../locklint: annotation-names.c:95: warning: locklint: protected member 'first' accessed without holding 'lock' [unprotected-access]
../locklint: annotation-names.c:96: warning: locklint: protected member 'second' accessed without holding 'lock' [unprotected-access]
../locklint: annotation-names.c:106: warning: locklint: protected member 'direct' accessed without holding 'lock' [unprotected-access]
../locklint: annotation-names.c:107: warning: locklint: protected member 'first' accessed without holding 'lock' [unprotected-access]
../locklint: annotation-names.c:108: warning: locklint: protected member 'second' accessed without holding 'lock' [unprotected-access]
../locklint: annotation-names.c:109: warning: locklint: protected member 'anonymous_value' accessed without holding 'lock' [unprotected-access]
../locklint: annotation-names.c:122: warning: locklint: protected member 'value' accessed without holding 'last_lock' [unprotected-access]
../locklint: annotation-names.c:138: warning: locklint: protected member 'first' accessed without holding 'lock' [unprotected-access]
../locklint: annotation-names.c:158: warning: locklint: protected member 'value' accessed without holding 'global_lock' [unprotected-access]
../locklint: annotation-names.c:211: warning: locklint: protected member 'direct' accessed without holding 'lock' [unprotected-access]
../locklint: annotation-names.c:211: warning: locklint: protected member 'first' accessed without holding 'lock' [unprotected-access]
../locklint: annotation-names.c:211: warning: locklint: protected member 'second' accessed without holding 'lock' [unprotected-access]
../locklint: annotation-names.c:227: warning: locklint: protected member 'direct' accessed without holding 'lock' [unprotected-access]
../locklint: annotation-names.c:227: warning: locklint: protected member 'first' accessed without holding 'lock' [unprotected-access]
../locklint: annotation-names.c:227: warning: locklint: protected member 'second' accessed without holding 'lock' [unprotected-access]
../locklint: annotation-names.c:238: warning: locklint: protected member 'direct' accessed without holding 'lock' [unprotected-access]
../locklint: annotation-names.c:238: warning: locklint: protected member 'first' accessed without holding 'lock' [unprotected-access]
../locklint: annotation-names.c:238: warning: locklint: protected member 'second' accessed without holding 'lock' [unprotected-access]
../locklint: annotation-names.c:255: warning: locklint: protected member 'protected' accessed without holding 'lock' [unprotected-access]
../locklint: annotation-names.c:255: warning: locklint: read-only data 'read_only' modified while it may be visible to competing threads [read-only-maybe-visible]
../locklint: annotation-names.c:255: warning: locklint: protected member 'protected' accessed without holding 'lock' [unprotected-access]
