../locklint: annotation-names.c:76: warning: locklint: protected member 'global_value' accessed without holding 'global_lock'
../locklint: annotation-names.c:81: warning: locklint: protected member 'direct' accessed without holding 'lock'
../locklint: annotation-names.c:90: warning: locklint: protected member 'first' accessed without holding 'lock'
../locklint: annotation-names.c:91: warning: locklint: protected member 'second' accessed without holding 'lock'
../locklint: annotation-names.c:101: warning: locklint: protected member 'direct' accessed without holding 'lock'
../locklint: annotation-names.c:102: warning: locklint: protected member 'first' accessed without holding 'lock'
../locklint: annotation-names.c:103: warning: locklint: protected member 'second' accessed without holding 'lock'
../locklint: annotation-names.c:104: warning: locklint: protected member 'anonymous_value' accessed without holding 'lock'
../locklint: annotation-names.c:117: warning: locklint: protected member 'value' accessed without holding 'last_lock'
../locklint: annotation-names.c:133: warning: locklint: protected member 'first' accessed without holding 'lock'
../locklint: annotation-names.c:153: warning: locklint: protected member 'value' accessed without holding 'global_lock'
