../locklint: annotation-names.c:81: warning: locklint: protected member 'global_value' accessed without holding 'global_lock' [unprotected-access]
../locklint: annotation-names.c:86: warning: locklint: protected member 'direct' accessed without holding 'lock' [unprotected-access]
../locklint: annotation-names.c:95: warning: locklint: protected member 'nested.first' accessed without holding 'lock' [unprotected-access]
../locklint: annotation-names.c:96: warning: locklint: protected member 'nested.second' accessed without holding 'lock' [unprotected-access]
../locklint: annotation-names.c:106: warning: locklint: protected member 'direct' accessed without holding 'lock' [unprotected-access]
../locklint: annotation-names.c:107: warning: locklint: protected member 'nested.first' accessed without holding 'lock' [unprotected-access]
../locklint: annotation-names.c:108: warning: locklint: protected member 'nested.second' accessed without holding 'lock' [unprotected-access]
../locklint: annotation-names.c:109: warning: locklint: protected member 'anonymous_value' accessed without holding 'lock' [unprotected-access]
../locklint: annotation-names.c:122: warning: locklint: protected member 'value' accessed without holding 'last_lock' [unprotected-access]
../locklint: annotation-names.c:138: warning: locklint: protected member 'state.nested.first' accessed without holding 'lock' [unprotected-access]
../locklint: annotation-names.c:162: warning: locklint: protected member 'data.value' accessed without holding 'lock' [unprotected-access]
../locklint: annotation-names.c:182: warning: locklint: protected member 'data.value' accessed without holding 'global_lock' [unprotected-access]
../locklint: annotation-names.c:235: warning: locklint: protected member 'protected.direct' accessed without holding 'lock' [unprotected-access]
../locklint: annotation-names.c:235: warning: locklint: protected member 'protected.nested.first' accessed without holding 'lock' [unprotected-access]
../locklint: annotation-names.c:235: warning: locklint: protected member 'protected.nested.second' accessed without holding 'lock' [unprotected-access]
../locklint: annotation-names.c:251: warning: locklint: protected member 'protected.direct' accessed without holding 'lock' [unprotected-access]
../locklint: annotation-names.c:251: warning: locklint: protected member 'protected.nested.first' accessed without holding 'lock' [unprotected-access]
../locklint: annotation-names.c:251: warning: locklint: protected member 'protected.nested.second' accessed without holding 'lock' [unprotected-access]
../locklint: annotation-names.c:262: warning: locklint: protected member 'state.protected.direct' accessed without holding 'lock' [unprotected-access]
../locklint: annotation-names.c:262: warning: locklint: protected member 'state.protected.nested.first' accessed without holding 'lock' [unprotected-access]
../locklint: annotation-names.c:262: warning: locklint: protected member 'state.protected.nested.second' accessed without holding 'lock' [unprotected-access]
../locklint: annotation-names.c:279: warning: locklint: protected member 'nested.protected' accessed without holding 'lock' [unprotected-access]
../locklint: annotation-names.c:279: warning: locklint: read-only data 'read_only' modified while it may be visible to competing threads [read-only-maybe-visible]
../locklint: annotation-names.c:279: warning: locklint: protected member 'nested.protected' accessed without holding 'lock' [unprotected-access]
../locklint: annotation-names.c:297: warning: locklint: protected member 'value.first' accessed without holding 'lock' [unprotected-access]
../locklint: annotation-names.c:297: warning: locklint: protected member 'value.second' accessed without holding 'lock' [unprotected-access]
