../locklint: assertion-requirement-wrappers.c:95: warning: locklint: call to 'require_held_wrapper' does not satisfy asserted mutex-held requirement for lock 'lock'
../locklint: assertion-requirement-wrappers.c:36: locklint: asserted requirement is here
../locklint: assertion-requirement-wrappers.c:109: warning: locklint: call to 'require_held_nested_wrapper' does not satisfy asserted mutex-held requirement for lock 'lock'
../locklint: assertion-requirement-wrappers.c:36: locklint: asserted requirement is here
../locklint: assertion-requirement-wrappers.c:121: warning: locklint: call to 'conditional_held_wrapper' does not satisfy asserted mutex-held requirement for lock 'lock'
../locklint: assertion-requirement-wrappers.c:36: locklint: asserted requirement is here
../locklint: assertion-requirement-wrappers.c:127: warning: locklint: call to 'recursive_held_wrapper' does not satisfy asserted mutex-held requirement for lock 'lock'
../locklint: assertion-requirement-wrappers.c:36: locklint: asserted requirement is here
../locklint: assertion-requirement-wrappers.c:141: warning: locklint: call to 'require_absolute_wrapper' does not satisfy asserted mutex-held requirement for lock 'absolute_lock'
../locklint: assertion-requirement-wrappers.c:83: locklint: asserted requirement is here
