../locklint: assertions.c:140:9: warning: locklint: competing threads may exist at NO_COMPETING_THREADS assertion [conditional-asserted-competition-requirement]
../locklint: assertions.c:156:9: warning: locklint: competing threads exist at NO_COMPETING_THREADS assertion [asserted-competition-requirement]
../locklint: assertions.c:166:9: warning: locklint: competing threads may exist at NO_COMPETING_THREADS assertion [conditional-asserted-competition-requirement]
../locklint: assertions.c:70:22: warning: locklint: protected member 'value' read without holding 'lock' [unprotected-access]
../locklint: assertions.c:76:9: warning: locklint: protected member 'value' read without holding 'lock' [unprotected-access]
../locklint: assertions.c:141:22: warning: locklint: protected member 'value' read without holding 'lock' [unprotected-access]
../locklint: assertions.c:157:22: warning: locklint: protected member 'value' read without holding 'lock' [unprotected-access]
../locklint: assertions.c:167:22: warning: locklint: protection for member 'value' is not established on every path [conditional-protection]
