../locklint: calls.c:41:22: warning: locklint: protected member 'value' accessed without holding 'lock' [unprotected-access]
../locklint: calls.c:58:29: locklint: protection was not established at this call to 'check_callee'
../locklint: calls.c:81:30: locklint: protection was not established at this call to 'check_wrapper'
../locklint: calls.c:151:29: locklint: protection was not established on every path at this call to 'check_callee'
../locklint: calls.c:162:29: locklint: protection was not established on every path at this call to 'check_callee'
../locklint: calls.c:170:29: locklint: protection was not established on every path at this call to 'check_callee'
../locklint: calls.c:189:46: locklint: protection was not established at this call to 'check_mixed_condition_wrapper'
../locklint: calls.c:108:22: warning: locklint: protected member 'value' accessed without holding 'lock' [unprotected-access]
../locklint: calls.c:170:30: warning: locklint: lock 'lock' held on only some paths returning from 'check_lock_merge_caller' [lock-maybe-held-on-return]
../locklint: calls.c:189:46: warning: locklint: call to 'check_mixed_condition_wrapper' does not satisfy assumed protection for 'value': requires holding 'lock' [unprotected-access]
