../locklint: calls-basic.c:49:22: warning: locklint: protected member 'direct_value' read without holding 'lock' [unprotected-access]
../locklint: calls-basic.c:86:28: locklint: protection was not established at this call to 'read_direct'
../locklint: calls-basic.c:55:22: warning: locklint: protected member 'transitive_value' read without holding 'lock' [unprotected-access]
../locklint: calls-basic.c:103:29: locklint: protection was not established at this call to 'read_wrapper'
../locklint: calls-basic.c:69:22: warning: locklint: protected member 'recursive_value' read without holding 'lock' [unprotected-access]
../locklint: calls-basic.c:120:31: locklint: protection was not established at this call to 'read_recursive'
../locklint: calls-basic.c:128:14: warning: locklint: protected member 'pair.first' modified without holding 'lock' [unprotected-access]
../locklint: calls-basic.c:142:19: locklint: protection was not established at this call to 'clear_pair'
../locklint: calls-basic.c:128:14: warning: locklint: protected member 'pair.second' modified without holding 'lock' [unprotected-access]
../locklint: calls-basic.c:142:19: locklint: protection was not established at this call to 'clear_pair'
