# Normalized Old Solaris Lock Lint protected-access findings.
analyzer	source	line	column	function	operation	datum	lock
osll	sample.c	10		sample	read	flags	lock
osll	sample.c	11		sample	modify	flags	lock
osll	sample.c	11		sample	read	flags	lock
osll	sample.c	12		sample	modify	plain	lock
osll	sample.c	30		other	read	flags	lock
