../locklint: condition-wait.c:97:16: warning: locklint: lock 'first' is not held [lock-not-held]
../locklint: condition-wait.c:124:27: warning: locklint: lock 'first' is not held [lock-not-held]
../locklint: condition-wait.c:131:28: warning: locklint: lock 'first' is not held [lock-not-held]
../locklint: condition-wait.c:138:32: warning: locklint: lock 'first' is not held [lock-not-held]
../locklint: condition-wait.c:145:31: warning: locklint: lock 'first' is not held [lock-not-held]
../locklint: condition-wait.c:152:35: warning: locklint: lock 'first' is not held [lock-not-held]
../locklint: condition-wait.c:183:21: warning: locklint: lock 'first' is not held [lock-not-held]
../locklint: condition-wait.c:190:34: warning: locklint: lock 'first' is not held [lock-not-held]
../locklint: condition-wait.c:197:39: warning: locklint: lock 'first' is not held [lock-not-held]
../locklint: condition-wait.c:204:32: warning: locklint: lock 'first' is not held [lock-not-held]
../locklint: condition-wait.c:213:37: warning: locklint: lock 'first' is not held [lock-not-held]
../locklint: condition-wait.c:222:32: warning: locklint: lock 'first' is not held [lock-not-held]
../locklint: condition-wait.c:293:16: warning: locklint: lock 'first' may not be held [lock-maybe-not-held]
