../locklint: condition-wait.c:97: warning: locklint: lock 'first' is not held [lock-not-held]
../locklint: condition-wait.c:124: warning: locklint: lock 'first' is not held [lock-not-held]
../locklint: condition-wait.c:131: warning: locklint: lock 'first' is not held [lock-not-held]
../locklint: condition-wait.c:138: warning: locklint: lock 'first' is not held [lock-not-held]
../locklint: condition-wait.c:145: warning: locklint: lock 'first' is not held [lock-not-held]
../locklint: condition-wait.c:152: warning: locklint: lock 'first' is not held [lock-not-held]
../locklint: condition-wait.c:183: warning: locklint: lock 'first' is not held [lock-not-held]
../locklint: condition-wait.c:190: warning: locklint: lock 'first' is not held [lock-not-held]
../locklint: condition-wait.c:197: warning: locklint: lock 'first' is not held [lock-not-held]
../locklint: condition-wait.c:204: warning: locklint: lock 'first' is not held [lock-not-held]
../locklint: condition-wait.c:213: warning: locklint: lock 'first' is not held [lock-not-held]
../locklint: condition-wait.c:222: warning: locklint: lock 'first' is not held [lock-not-held]
../locklint: condition-wait.c:243: warning: locklint: lock 'condition_wait_state::first' acquired out of declared order while holding 'condition_wait_state::second' [declared-order]
../locklint: condition-wait.c:53: locklint: declared order requires 'condition_wait_state::first' before 'condition_wait_state::second'
../locklint: condition-wait.c:79: locklint: lock acquisition reached through callee 'wait_wrapper'
../locklint: condition-wait.c:263: warning: locklint: lock 'condition_wait_state::first' acquired out of declared order while holding 'condition_wait_state::second' [declared-order]
../locklint: condition-wait.c:53: locklint: declared order requires 'condition_wait_state::first' before 'condition_wait_state::second'
../locklint: condition-wait.c:273: warning: locklint: lock 'condition_wait_state::first' acquired out of declared order while holding 'condition_wait_state::second' [declared-order]
../locklint: condition-wait.c:53: locklint: declared order requires 'condition_wait_state::first' before 'condition_wait_state::second'
../locklint: condition-wait.c:283: warning: locklint: lock 'condition_wait_state::first' acquired out of declared order while holding 'condition_wait_state::second' [declared-order]
../locklint: condition-wait.c:53: locklint: declared order requires 'condition_wait_state::first' before 'condition_wait_state::second'
