../locklint: cross-caller.c:36:27: warning: locklint: call to 'cross_read' accesses protected member 'value' without holding 'lock' [unprotected-access]
../locklint: cross-callee.c:25:22: warning: locklint: protected member 'value' accessed without holding 'lock' [unprotected-access]
../locklint: cross-callee.c:31:22: warning: locklint: lock 'lock' held on return from 'cross_acquire' [lock-held-on-return]
