../locklint: cross-caller.c:17:27: warning: locklint: call to 'cross_read' accesses protected member 'value' without holding 'lock'
../locklint: cross-callee.c:6:22: warning: locklint: protected member 'value' accessed without holding 'lock'
../locklint: cross-callee.c:12:22: warning: locklint: lock 'lock' held on return from 'cross_acquire'
