../locklint: declared-effects.c:48:9: warning: locklint: function 'declared_mutex_missing' does not establish declared mutex acquisition of lock 'mutex' [declared-lock-effect]
../locklint: declared-effects.c:55:9: warning: locklint: declared mutex acquisition of lock 'mutex' is not established on every return from 'declared_mutex_conditional' [declared-lock-effect]
../locklint: declared-effects.c:63:9: warning: locklint: function 'declared_mutex_wrong_mode' does not establish declared mutex acquisition of lock 'rwlock' [declared-lock-effect]
../locklint: declared-effects.c:84:9: warning: locklint: function 'declared_read_wrong_mode' does not establish declared read-lock acquisition of lock 'rwlock' [declared-lock-effect]
../locklint: declared-effects.c:121:9: warning: locklint: function 'declared_mutex_nonreturning' does not establish declared mutex acquisition of lock 'mutex' [declared-lock-effect]
../locklint: declared-effects.c:115:22: warning: locklint: lock 'mutex' held on return from 'undeclared_mutex_acquire' [lock-held-on-return]
