declared-effect-annotations.c:33:9: MUTEX_ACQUIRED_AS_SIDE_EFFECT state.mutex function=formal_effects
declared-effect-annotations.c:34:9: READ_LOCK_ACQUIRED_AS_SIDE_EFFECT state.rwlock function=formal_effects
declared-effect-annotations.c:35:9: WRITE_LOCK_ACQUIRED_AS_SIDE_EFFECT state.rwlock function=formal_effects
declared-effect-annotations.c:36:9: LOCK_RELEASED_AS_SIDE_EFFECT state.rwlock function=formal_effects
declared-effect-annotations.c:37:9: LOCK_UPGRADED_AS_SIDE_EFFECT state.rwlock function=formal_effects
declared-effect-annotations.c:38:9: LOCK_DOWNGRADED_AS_SIDE_EFFECT state.rwlock function=formal_effects
declared-effect-annotations.c:44:9: MUTEX_ACQUIRED_AS_SIDE_EFFECT absolute_mutex function=absolute_effects
declared-effect-annotations.c:45:9: READ_LOCK_ACQUIRED_AS_SIDE_EFFECT absolute_rwlock function=absolute_effects
declared-effect-annotations.c:46:9: WRITE_LOCK_ACQUIRED_AS_SIDE_EFFECT absolute_rwlock function=absolute_effects
declared-effect-annotations.c:47:9: LOCK_RELEASED_AS_SIDE_EFFECT absolute_mutex function=absolute_effects
declared-effect-annotations.c:48:9: LOCK_UPGRADED_AS_SIDE_EFFECT absolute_rwlock function=absolute_effects
declared-effect-annotations.c:49:9: LOCK_DOWNGRADED_AS_SIDE_EFFECT absolute_rwlock function=absolute_effects
