../locklint: effects.c:41:22: warning: locklint: lock 'lock' held on return from 'acquire_lock'
../locklint: effects.c:47:22: warning: locklint: lock 'lock' held on return from 'acquire_wrapper'
../locklint: effects.c:67:30: warning: locklint: lock 'lock' held on only some paths returning from 'conditional_acquire'
../locklint: effects.c:76:30: warning: locklint: lock 'lock' held on only some paths returning from 'recursive_acquire'
../locklint: effects.c:105:21: warning: locklint: call to 'acquire_lock' may acquire already-held lock 'lock'
../locklint: effects.c:114:22: warning: locklint: protected member 'value' accessed without holding 'lock'
../locklint: effects.c:120:21: warning: locklint: call to 'release_lock' may release lock 'lock' that is not held
../locklint: effects.c:127:22: warning: locklint: protected member 'value' accessed without holding 'lock'
../locklint: effects.c:134:22: warning: locklint: protection for member 'value' is not established on every path
../locklint: effects.c:134:17: warning: locklint: lock 'lock' held on only some paths returning from 'check_conditional_effect'
../locklint: effects.c:143:22: warning: locklint: protection for member 'value' is not established on every path
../locklint: effects.c:144:19: warning: locklint: lock 'lock' may not be held
