function event_sequence
block .L0
  events.c:48:22 READ state.value offset=0 protected-by=lock
  events.c:49:23 READ state.other offset=4
  events.c:50:20 ACQUIRE state.lock
  events.c:51:14 WRITE state.value offset=0 protected-by=lock
  events.c:52:21 CALL event_helper
  events.c:53:19 RELEASE state.lock
  events.c:55:22 READ state.value offset=0 protected-by=lock
