locklint: external-objects-caller.c:79: warning: protected member 'value' read without holding 'lock' [unprotected-access]
locklint: external-objects-caller.c:162: warning: protected member 'value' read without holding 'lock' [unprotected-access]
locklint: external-objects-callee.c:62: warning: protected member 'global_value' read without holding 'external_global_lock' [unprotected-access]
locklint: external-objects-caller.c:96: protection was not established at this call to 'read_global_value'
locklint: external-objects-callee.c:68: warning: protected member 'member_value' read without holding 'lock' [unprotected-access]
locklint: external-objects-caller.c:113: protection was not established at this call to 'read_member_value'
locklint: external-objects-callee.c:74: warning: protected member 'redeclared_value' read without holding 'redeclared_file_lock' [unprotected-access]
locklint: external-objects-caller.c:122: protection was not established at this call to 'read_redeclared_value'
locklint: external-objects-caller.c:121: different lock instance 'redeclared_file_lock' acquired here is mutex-held at that call
locklint: external-objects-callee.c:83: warning: protected member 'function_value' read without holding 'external_global_lock' [unprotected-access]
locklint: external-objects-callee.c:89: warning: protected member 'hidden_function_value' read without holding 'external_global_lock' [unprotected-access]
locklint: external-objects-caller.c:176: protection was not established at this call to 'hidden_function'
locklint: external-objects-callee.c:95: warning: protected member 'block_function_value' read without holding 'external_global_lock' [unprotected-access]
locklint: external-objects-callee.c:101: warning: protected member 'value' read without holding 'lock' [unprotected-access]
locklint: external-objects-callee.c:107: warning: protected member 'value' read without holding 'lock' [unprotected-access]
locklint: external-objects-callee.c:113: warning: protected member 'value' read without holding 'lock' [unprotected-access]
locklint: external-objects-callee.c:119: warning: protected member 'value' read without holding 'lock' [unprotected-access]
locklint: external-objects-callee.c:125: warning: protected member 'value' read without holding 'lock' [unprotected-access]
