../locklint: external-objects-caller.c:79: warning: locklint: protected member 'value' read without holding 'lock' [unprotected-access]
../locklint: external-objects-caller.c:162: warning: locklint: protected member 'value' read without holding 'lock' [unprotected-access]
../locklint: external-objects-callee.c:62: warning: locklint: protected member 'global_value' read without holding 'external_global_lock' [unprotected-access]
../locklint: external-objects-caller.c:96: locklint: protection was not established at this call to 'read_global_value'
../locklint: external-objects-callee.c:68: warning: locklint: protected member 'member_value' read without holding 'lock' [unprotected-access]
../locklint: external-objects-caller.c:113: locklint: protection was not established at this call to 'read_member_value'
../locklint: external-objects-callee.c:74: warning: locklint: protected member 'redeclared_value' read without holding 'redeclared_file_lock' [unprotected-access]
../locklint: external-objects-caller.c:122: locklint: protection was not established at this call to 'read_redeclared_value'
../locklint: external-objects-caller.c:121: locklint: different lock instance 'redeclared_file_lock' acquired here is mutex-held at that call
../locklint: external-objects-callee.c:83: warning: locklint: protected member 'function_value' read without holding 'external_global_lock' [unprotected-access]
../locklint: external-objects-callee.c:89: warning: locklint: protected member 'hidden_function_value' read without holding 'external_global_lock' [unprotected-access]
../locklint: external-objects-caller.c:176: locklint: protection was not established at this call to 'hidden_function'
../locklint: external-objects-callee.c:95: warning: locklint: protected member 'block_function_value' read without holding 'external_global_lock' [unprotected-access]
../locklint: external-objects-callee.c:101: warning: locklint: protected member 'value' read without holding 'lock' [unprotected-access]
../locklint: external-objects-callee.c:107: warning: locklint: protected member 'value' read without holding 'lock' [unprotected-access]
../locklint: external-objects-callee.c:113: warning: locklint: protected member 'value' read without holding 'lock' [unprotected-access]
../locklint: external-objects-callee.c:119: warning: locklint: protected member 'value' read without holding 'lock' [unprotected-access]
../locklint: external-objects-callee.c:125: warning: locklint: protected member 'value' read without holding 'lock' [unprotected-access]
