../locklint: external-objects-caller.c:70: warning: locklint: protected member 'value' accessed without holding 'lock'
../locklint: external-objects-caller.c:87: warning: locklint: call to 'read_global_value' accesses protected member 'global_value' without holding 'external_global_lock'
../locklint: external-objects-caller.c:104: warning: locklint: call to 'read_member_value' accesses protected member 'member_value' without holding 'lock'
../locklint: external-objects-caller.c:113: warning: locklint: call to 'read_redeclared_value' accesses protected member 'redeclared_value' without holding 'redeclared_file_lock'
../locklint: external-objects-caller.c:153: warning: locklint: protected member 'value' accessed without holding 'lock'
../locklint: external-objects-caller.c:167: warning: locklint: call to 'hidden_function' accesses protected member 'hidden_function_value' without holding 'external_global_lock'
../locklint: external-objects-callee.c:62: warning: locklint: protected member 'global_value' accessed without holding 'external_global_lock'
../locklint: external-objects-callee.c:68: warning: locklint: protected member 'member_value' accessed without holding 'lock'
../locklint: external-objects-callee.c:74: warning: locklint: protected member 'redeclared_value' accessed without holding 'redeclared_file_lock'
../locklint: external-objects-callee.c:83: warning: locklint: protected member 'function_value' accessed without holding 'external_global_lock'
../locklint: external-objects-callee.c:89: warning: locklint: protected member 'hidden_function_value' accessed without holding 'external_global_lock'
../locklint: external-objects-callee.c:95: warning: locklint: protected member 'block_function_value' accessed without holding 'external_global_lock'
../locklint: external-objects-callee.c:101: warning: locklint: protected member 'value' accessed without holding 'lock'
../locklint: external-objects-callee.c:107: warning: locklint: protected member 'value' accessed without holding 'lock'
../locklint: external-objects-callee.c:113: warning: locklint: protected member 'value' accessed without holding 'lock'
../locklint: external-objects-callee.c:119: warning: locklint: protected member 'value' accessed without holding 'lock'
../locklint: external-objects-callee.c:125: warning: locklint: protected member 'value' accessed without holding 'lock'
