function driver_open tu=function-pointers.c definition=function-pointers.c:24:1 linkage=internal reachable=yes
  root no-known-direct-caller
  root function-pointer-escape
function explicit_target tu=function-pointers.c definition=function-pointers.c:30:1 linkage=internal reachable=yes
  root function-pointer-escape
function indirect_target tu=function-pointers.c definition=function-pointers.c:36:1 linkage=internal reachable=yes
  root no-known-direct-caller
  root function-pointer-escape
function direct_only tu=function-pointers.c definition=function-pointers.c:42:1 linkage=internal reachable=yes
function copy_handler tu=function-pointers.c definition=function-pointers.c:55:1 linkage=internal reachable=yes
function install_handler tu=function-pointers.c definition=function-pointers.c:61:1 linkage=internal reachable=yes
function call_indirect tu=function-pointers.c definition=function-pointers.c:67:1 linkage=internal reachable=yes
  call function-pointers.c:69:32 indirect
function call_block_static tu=function-pointers.c definition=function-pointers.c:73:1 linkage=internal reachable=yes
  call function-pointers.c:77:24 indirect
function exercise_pointers tu=function-pointers.c definition=function-pointers.c:81:1 linkage=internal reachable=yes
  root no-known-direct-caller
  call function-pointers.c:85:21 resolved copy_handler tu=function-pointers.c
  call function-pointers.c:86:24 resolved install_handler tu=function-pointers.c
  call function-pointers.c:87:32 resolved explicit_target tu=function-pointers.c
  call function-pointers.c:87:53 resolved direct_only tu=function-pointers.c
  call function-pointers.c:88:26 resolved call_indirect tu=function-pointers.c
  call function-pointers.c:88:53 resolved call_block_static tu=function-pointers.c
  call function-pointers.c:89:28 indirect
escapes
  escape function-pointers.c:48:17 driver_open resolved driver_open tu=function-pointers.c
  escape function-pointers.c:51:40 explicit_target resolved explicit_target tu=function-pointers.c
  escape function-pointers.c:75:38 indirect_target resolved indirect_target tu=function-pointers.c
  escape function-pointers.c:86:25 indirect_target resolved indirect_target tu=function-pointers.c
  escape function-pointers.c:93:15 indirect_target resolved indirect_target tu=function-pointers.c
pointer activity
  store function-pointers.c:48:10 callback_ops.open
  store function-pointers.c:51:12 explicit_handler
  store function-pointers.c:57:9 current_handler
  load function-pointers.c:57:27 explicit_handler
  store function-pointers.c:63:9 current_handler
  load function-pointers.c:63:27 handler
  store function-pointers.c:75:20 handler
  load function-pointers.c:83:25 current_handler
