../locklint: identity-aliases.c:83:22: warning: locklint: protected member 'value' accessed without holding 'lock' [unprotected-access]
../locklint: identity-aliases.c:115:26: warning: locklint: protected member 'value' accessed without holding 'lock' [unprotected-access]
../locklint: identity-aliases.c:138:31: warning: locklint: protected member 'value' accessed without holding 'lock' [unprotected-access]
../locklint: identity-aliases.c:173:22: warning: locklint: protected member 'value' accessed without holding 'lock' [unprotected-access]
