../locklint: lock-order-cycle.c:32:1: warning: locklint: declared lock order contains a cycle [declared-order-cycle]
../locklint: lock-order-cycle.c:32:1: locklint: 'cycle_order_state::first' must precede 'cycle_order_state::second'
../locklint: lock-order-cycle.c:33:1: locklint: 'cycle_order_state::second' must precede 'cycle_order_state::first'
