../locklint: lock-order.c:87:26: warning: locklint: lock 'order_state::first' acquired out of declared order while holding 'order_state::second'
../locklint: lock-order.c:56:1: locklint: declared order requires 'order_state::first' before 'order_state::second'
../locklint: lock-order.c:96:26: warning: locklint: lock 'order_state::first' acquired out of declared order while holding 'order_state::third'
../locklint: lock-order.c:56:1: locklint: declared order requires 'order_state::first' before 'order_state::second'
../locklint: lock-order.c:56:1: locklint: declared order requires 'order_state::second' before 'order_state::third'
../locklint: lock-order.c:110:26: warning: locklint: lock 'order_state::first' acquired out of declared order while holding 'order_state::second'
../locklint: lock-order.c:56:1: locklint: declared order requires 'order_state::first' before 'order_state::second'
../locklint: lock-order.c:157:26: warning: locklint: lock 'mixed_order_state::mutex' acquired out of declared order while holding 'mixed_order_state::rwlock'
../locklint: lock-order.c:65:1: locklint: declared order requires 'mixed_order_state::mutex' before 'mixed_order_state::rwlock'
