../locklint: lock-order-observed.c:42:20: warning: locklint: observed lock acquisitions form a potential deadlock
../locklint: lock-order-observed.c:41:20: locklint: lock 'observed_order_state::first' acquired here
../locklint: lock-order-observed.c:42:20: locklint: lock 'observed_order_state::second' acquired while holding 'observed_order_state::first'
../locklint: lock-order-observed.c:50:20: locklint: lock 'observed_order_state::second' acquired here
../locklint: lock-order-observed.c:51:20: locklint: lock 'observed_order_state::first' acquired while holding 'observed_order_state::second'
