../locklint: lock-order.c:88:26: warning: locklint: lock 'order_state::first' acquired out of declared order while holding 'order_state::second'
../locklint: lock-order.c:57:1: locklint: declared order requires 'order_state::first' before 'order_state::second'
../locklint: lock-order.c:97:26: warning: locklint: lock 'order_state::first' acquired out of declared order while holding 'order_state::third'
../locklint: lock-order.c:57:1: locklint: declared order requires 'order_state::first' before 'order_state::second'
../locklint: lock-order.c:57:1: locklint: declared order requires 'order_state::second' before 'order_state::third'
../locklint: lock-order.c:111:26: warning: locklint: lock 'order_state::first' acquired out of declared order while holding 'order_state::second'
../locklint: lock-order.c:57:1: locklint: declared order requires 'order_state::first' before 'order_state::second'
../locklint: lock-order.c:127:22: warning: locklint: lock 'order_state::first' acquired out of declared order while holding 'order_state::second'
../locklint: lock-order.c:57:1: locklint: declared order requires 'order_state::first' before 'order_state::second'
../locklint: lock-order.c:119:26: locklint: lock acquired in callee 'acquire_first'
../locklint: lock-order.c:178:42: warning: locklint: lock 'order_state::first' acquired out of declared order while holding 'order_state::second'
../locklint: lock-order.c:57:1: locklint: declared order requires 'order_state::first' before 'order_state::second'
../locklint: lock-order.c:169:26: locklint: lock acquired in callee 'acquire_first_then_release_second'
../locklint: lock-order.c:194:26: warning: locklint: lock 'mixed_order_state::mutex' acquired out of declared order while holding 'mixed_order_state::rwlock'
../locklint: lock-order.c:66:1: locklint: declared order requires 'mixed_order_state::mutex' before 'mixed_order_state::rwlock'
