locklint: mutex-tryenter.c:118:19: warning: lock 'first' may not be held [lock-maybe-not-held]
locklint: mutex-tryenter.c:60:14: warning: protected member 'value' modified without holding 'first' [unprotected-access]
locklint: mutex-tryenter.c:69:30: warning: protected member 'value' read without holding 'first' [unprotected-access]
locklint: mutex-tryenter.c:81:30: warning: protected member 'value' read without holding 'first' [unprotected-access]
locklint: mutex-tryenter.c:117:14: warning: protection for member 'value' is not established on every path [conditional-protection]
locklint: mutex-tryenter.c:117:14: required lock 'first' may be mutex-held; holding is required at this protected access
