../locklint: mutex-trylock.c:111:28: warning: locklint: lock 'first' may not be held [lock-maybe-not-held]
../locklint: mutex-trylock.c:139:28: warning: locklint: lock 'first' may not be held [lock-maybe-not-held]
../locklint: mutex-trylock.c:45:30: warning: locklint: protection for member 'value' is not established on every path [conditional-protection]
../locklint: mutex-trylock.c:56:30: warning: locklint: protection for member 'value' is not established on every path [conditional-protection]
../locklint: mutex-trylock.c:70:30: warning: locklint: protection for member 'value' is not established on every path [conditional-protection]
../locklint: mutex-trylock.c:87:30: warning: locklint: protection for member 'value' is not established on every path [conditional-protection]
../locklint: mutex-trylock.c:110:14: warning: locklint: protection for member 'value' is not established on every path [conditional-protection]
../locklint: mutex-trylock.c:118:14: warning: locklint: protection for member 'value' is not established on every path [conditional-protection]
../locklint: mutex-trylock.c:138:22: warning: locklint: protection for member 'value' is not established on every path [conditional-protection]
