../locklint: rwlock.c:58:22: warning: locklint: protected member 'value' accessed without read-holding 'lock'
../locklint: rwlock.c:59:14: warning: locklint: protected member 'value' accessed without write-holding 'lock'
../locklint: rwlock.c:61:14: warning: locklint: protected member 'readable' accessed without write-holding 'lock'
../locklint: rwlock.c:66:14: warning: locklint: protected member 'value' accessed without write-holding 'lock'
../locklint: rwlock.c:82:14: warning: locklint: protected member 'value' accessed without write-holding 'lock'
../locklint: rwlock.c:95:14: warning: locklint: protected member 'value' accessed without write-holding 'lock'
../locklint: rwlock.c:108:14: warning: locklint: protection for member 'value' is not established on every path
../locklint: rwlock.c:120:22: warning: locklint: protection for member 'value' is not established on every path
../locklint: rwlock.c:121:17: warning: locklint: lock 'lock' held on only some paths returning from 'check_unheld_merge'
../locklint: rwlock.c:127:16: warning: locklint: lock 'lock' is not held
../locklint: rwlock.c:130:17: warning: locklint: lock 'lock' is already held
../locklint: rwlock.c:134:17: warning: locklint: lock 'lock' is already held
../locklint: rwlock.c:145:14: warning: locklint: protected member 'value' accessed without write-holding 'lock'
../locklint: rwlock.c:164:14: warning: locklint: protection for member 'value' is not established on every path
../locklint: rwlock.c:183:22: warning: locklint: protection for member 'value' is not established on every path
../locklint: rwlock.c:184:14: warning: locklint: protection for member 'value' is not established on every path
../locklint: rwlock.c:194:22: warning: locklint: protection for member 'value' is not established on every path
../locklint: rwlock.c:195:14: warning: locklint: protected member 'value' accessed without write-holding 'lock'
