locklint: rwlock-downgrade.c:75:21: warning: lock 'lock' is not write-held [lock-not-write-held]
locklint: rwlock-downgrade.c:82:21: warning: lock 'lock' is not write-held [lock-not-write-held]
locklint: rwlock-downgrade.c:91:21: warning: lock 'lock' may not be write-held [lock-maybe-not-write-held]
locklint: rwlock-downgrade.c:66:14: warning: protected member 'value' modified without write-holding 'lock' [unprotected-access]
locklint: rwlock-downgrade.c:66:14: required lock 'lock' is read-held; write-holding is required at this protected access
locklint: rwlock-downgrade.c:103:14: warning: protected member 'value' modified without write-holding 'lock' [unprotected-access]
locklint: rwlock-downgrade.c:103:14: required lock 'lock' is read-held; write-holding is required at this protected access
