locklint: rwlock-covers-locks.c:78: warning: protected member 'value' modified without holding 'inner' [unprotected-access]
locklint: rwlock-covers-locks.c:77: covering lock instance 'cover' acquired here is read-held at this protected access
locklint: rwlock-covers-locks.c:103: warning: lock 'inner' acquired without read-holding covering rwlock 'cover' [covered-lock-without-cover]
locklint: rwlock-covers-locks.c:112: warning: covering rwlock 'cover' released while covered lock 'inner' is held [cover-released-while-covered]
locklint: rwlock-covers-locks.c:144: warning: lock 'inner' acquired without read-holding covering rwlock 'cover' [covered-lock-without-cover]
locklint: rwlock-covers-locks.c:160: warning: covering rwlock 'cover' released while covered lock 'inner' is held [cover-released-while-covered]
locklint: rwlock-covers-locks.c:167: warning: protected member 'value' modified without holding 'inner' [unprotected-access]
locklint: rwlock-covers-locks.c:182: protection was not established at this call to 'write_value'
locklint: rwlock-covers-locks.c:181: covering lock instance 'cover' acquired here is read-held at that call
locklint: rwlock-covers-locks.c:201: warning: lock 'absolute_inner' acquired without read-holding covering rwlock 'absolute_cover' [covered-lock-without-cover]
