../locklint: rwlock-transition-effects.c:66:9: warning: locklint: declared upgrade of lock 'lock' is not established on every return from 'declared_upgrade_ignored' [declared-lock-effect]
../locklint: rwlock-transition-effects.c:101:9: warning: locklint: function 'declared_upgrade_missing' does not establish declared upgrade of lock 'lock' [declared-lock-effect]
../locklint: rwlock-transition-effects.c:109:9: warning: locklint: declared upgrade of lock 'lock' is not established on every return from 'declared_upgrade_conditional' [declared-lock-effect]
../locklint: rwlock-transition-effects.c:87:33: warning: locklint: call to 'declared_upgrade_ignored' upgrades lock 'lock' that is not read-held [lock-not-read-held]
../locklint: rwlock-transition-effects.c:67:29: locklint: invalid lock transition is here
../locklint: rwlock-transition-effects.c:94:33: warning: locklint: call to 'declared_upgrade_ignored' upgrades lock 'lock' that is not read-held [lock-not-read-held]
../locklint: rwlock-transition-effects.c:67:29: locklint: invalid lock transition is here
../locklint: rwlock-transition-effects.c:95:16: warning: locklint: lock 'lock' is not held [lock-not-held]
../locklint: rwlock-transition-effects.c:111:37: warning: locklint: lock 'lock' is not read-held [lock-not-read-held]
