../locklint: visibility.c:84:22: warning: locklint: protected member 'protected' modified without holding 'lock' [unprotected-access]
../locklint: visibility.c:93:14: warning: locklint: protected member 'protected' modified without holding 'lock' [unprotected-access]
../locklint: visibility.c:101:14: warning: locklint: protected member 'protected' modified without holding 'lock' [unprotected-access]
../locklint: visibility.c:102:14: warning: locklint: protected member 'sibling' modified without holding 'lock' [unprotected-access]
../locklint: visibility.c:113:14: warning: locklint: protected member 'sibling' modified without holding 'lock' [unprotected-access]
../locklint: visibility.c:122:14: warning: locklint: protected member 'sibling' modified without holding 'lock' [unprotected-access]
../locklint: visibility.c:133:14: warning: locklint: protection for member 'protected' is not established on every path [conditional-protection]
../locklint: visibility.c:160:26: warning: locklint: read-only data 'read_only' modified while visible to competing threads [read-only-visible]
../locklint: visibility.c:169:14: warning: locklint: read-only data 'read_only' may be modified while visible to competing threads [read-only-maybe-visible]
../locklint: visibility.c:179:14: warning: locklint: read-only data 'read_only' modified while visible to competing threads [read-only-visible]
../locklint: visibility.c:190:14: warning: locklint: read-only data 'read_only' may be modified while visible to competing threads [read-only-maybe-visible]
