locklint: visibility-cross-caller.c:28:14: warning: protected member 'value' modified without holding 'lock' [unprotected-access]
locklint: visibility-cross-caller.c:45:32: warning: protected member 'value' modified without holding 'lock' [unprotected-access]
locklint: visibility-cross-caller.c:62:22: warning: protected member 'nested.value' modified without holding 'lock' [unprotected-access]
