locklint: visibility-calls.c:104:14: warning: protected member 'protected' modified without holding 'lock' [unprotected-access]
locklint: visibility-calls.c:120:14: warning: protection for member 'protected' is not established on every path [conditional-protection]
locklint: visibility-calls.c:146:14: warning: protected member 'protected' modified without holding 'lock' [unprotected-access]
locklint: visibility-calls.c:187:21: warning: protected member 'protected' modified without holding 'lock' [unprotected-access]
locklint: visibility-calls.c:216:14: warning: read-only data 'read_only' modified while visible to competing threads [read-only-visible]
locklint: visibility-calls.c:291:23: warning: protected member 'inner.protected' modified without holding 'lock' [unprotected-access]
locklint: visibility-calls.c:307:22: warning: protection for member 'nested.protected' is not established on every path [conditional-protection]
locklint: visibility-calls.c:352:23: warning: protected member 'inner.sibling' modified without holding 'lock' [unprotected-access]
