# Normalized protected-access findings from the corrected standalone OSLL
# comparison.  The runner separately checks source annotations and complete
# usbprn function coverage.
usbprn.c:344 usbprn_instance
usbprn.c:345 usbprn_dip
usbprn.c:348 usbprn_log_handle
usbprn.c:371 usbprn_write_acc
usbprn.c:373 usbprn_ser_acc
usbprn.c:374 usbprn_dev_acc
usbprn.c:376 usbprn_flags
usbprn.c:376 usbprn_flags
usbprn.c:386 usbprn_def_ph
usbprn.c:404 usbprn_last_status
usbprn.c:406 usbprn_last_status
usbprn.c:424 usbprn_setparms.write_timeout
usbprn.c:425 usbprn_setparms.mode
usbprn.c:426 usbprn_dev_state
usbprn.c:433 usbprn_max_bulk_xfer_size
usbprn.c:450 usbprn_dev_data
usbprn.c:462 usbprn_ugen_hdl
usbprn.c:471 usbprn_ugen_hdl
usbprn.c:541 usbprn_flags
usbprn.c:2666 usbprn_pm
usbprn.c:510 usbprn_flags
usbprn.c:752 usbprn_config_descr.bLength
usbprn.c:752 usbprn_config_descr.bDescriptorType
usbprn.c:752 usbprn_config_descr.wTotalLength
usbprn.c:752 usbprn_config_descr.bNumInterfaces
usbprn.c:752 usbprn_config_descr.bConfigurationValue
usbprn.c:752 usbprn_config_descr.iConfiguration
usbprn.c:752 usbprn_config_descr.bmAttributes
usbprn.c:752 usbprn_config_descr.bMaxPower
usbprn.c:753 usbprn_if_descr.bLength
usbprn.c:753 usbprn_if_descr.bDescriptorType
usbprn.c:753 usbprn_if_descr.bInterfaceNumber
usbprn.c:753 usbprn_if_descr.bAlternateSetting
usbprn.c:753 usbprn_if_descr.bNumEndpoints
usbprn.c:753 usbprn_if_descr.bInterfaceClass
usbprn.c:753 usbprn_if_descr.bInterfaceSubClass
usbprn.c:753 usbprn_if_descr.bInterfaceProtocol
usbprn.c:753 usbprn_if_descr.iInterface
usbprn.c:761 usbprn_bulk_out.ps_ept_descr.bLength
usbprn.c:761 usbprn_bulk_out.ps_ept_descr.bDescriptorType
usbprn.c:761 usbprn_bulk_out.ps_ept_descr.bEndpointAddress
usbprn.c:761 usbprn_bulk_out.ps_ept_descr.bmAttributes
usbprn.c:761 usbprn_bulk_out.ps_ept_descr.wMaxPacketSize
usbprn.c:761 usbprn_bulk_out.ps_ept_descr.bInterval
usbprn.c:765 usbprn_bulk_in.ps_ept_descr.bLength
usbprn.c:765 usbprn_bulk_in.ps_ept_descr.bDescriptorType
usbprn.c:765 usbprn_bulk_in.ps_ept_descr.bEndpointAddress
usbprn.c:765 usbprn_bulk_in.ps_ept_descr.bmAttributes
usbprn.c:765 usbprn_bulk_in.ps_ept_descr.wMaxPacketSize
usbprn.c:765 usbprn_bulk_in.ps_ept_descr.bInterval
usbprn.c:807 usbprn_config_descr.iConfiguration
