# Normalized Old Solaris Lock Lint protected-access findings.
analyzer	source	line	column	function	operation	datum	lock
osll	ehci.c	235		ehci_attach	modify	ehci_flags	ehci_int_mutex
osll	ehci.c	238		ehci_attach	modify	ehci_log_hdl	ehci_int_mutex
osll	ehci.c	240		ehci_attach	modify	ehci_flags	ehci_int_mutex
osll	ehci.c	240		ehci_attach	read	ehci_flags	ehci_int_mutex
osll	ehci.c	243		ehci_attach	modify	ehci_hc_soft_state	ehci_int_mutex
osll	ehci.c	249		ehci_attach	modify	ehci_dip	ehci_int_mutex
osll	ehci.c	250		ehci_attach	modify	ehci_instance	ehci_int_mutex
osll	ehci.c	261		ehci_attach	modify	ehci_vendor_id	ehci_int_mutex
osll	ehci.c	261		ehci_attach	read	ehci_config_handle	ehci_int_mutex
osll	ehci.c	263		ehci_attach	modify	ehci_device_id	ehci_int_mutex
osll	ehci.c	263		ehci_attach	read	ehci_config_handle	ehci_int_mutex
osll	ehci.c	265		ehci_attach	modify	ehci_rev_id	ehci_int_mutex
osll	ehci.c	265		ehci_attach	read	ehci_config_handle	ehci_int_mutex
osll	ehci.c	318		ehci_attach	read	ehci_hcdi_ops	ehci_int_mutex
osll	ehci.c	336		ehci_attach	modify	ehci_flags	ehci_int_mutex
osll	ehci.c	336		ehci_attach	read	ehci_flags	ehci_int_mutex
osll	ehci.c	355		ehci_attach	modify	ehci_flags	ehci_int_mutex
osll	ehci.c	355		ehci_attach	read	ehci_flags	ehci_int_mutex
osll	ehci_isoch.c	185		ehci_isoc_cleanup	read	ehci_itd_pool_dma_handle	ehci_int_mutex
osll	ehci_isoch.c	193		ehci_isoc_cleanup	read	ehci_itd_pool_dma_handle	ehci_int_mutex
osll	ehci_isoch_util.c	183		ehci_allocate_isoc_pools	modify	ehci_dma_attr.dma_attr_align	ehci_int_mutex
osll	ehci_isoch_util.c	213		ehci_allocate_isoc_pools	read	ehci_itd_pool_dma_handle	ehci_int_mutex
osll	ehci_isoch_util.c	232		ehci_allocate_isoc_pools	read	ehci_itd_pool_dma_handle	ehci_int_mutex
osll	ehci_isoch_util.c	258		ehci_allocate_isoc_pools	modify	ehci_dma_addr_bind_flag	ehci_int_mutex
osll	ehci_util.c	329		ehci_dma_attr_workaround	modify	ehci_dma_attr.dma_attr_addr_hi	ehci_int_mutex
osll	ehci_util.c	356		ehci_set_dma_attributes	modify	ehci_dma_attr.dma_attr_version	ehci_int_mutex
osll	ehci_util.c	357		ehci_set_dma_attributes	modify	ehci_dma_attr.dma_attr_addr_lo	ehci_int_mutex
osll	ehci_util.c	358		ehci_set_dma_attributes	modify	ehci_dma_attr.dma_attr_addr_hi	ehci_int_mutex
osll	ehci_util.c	361		ehci_set_dma_attributes	modify	ehci_dma_attr.dma_attr_count_max	ehci_int_mutex
osll	ehci_util.c	364		ehci_set_dma_attributes	modify	ehci_dma_attr.dma_attr_align	ehci_int_mutex
osll	ehci_util.c	370		ehci_set_dma_attributes	modify	ehci_dma_attr.dma_attr_burstsizes	ehci_int_mutex
osll	ehci_util.c	372		ehci_set_dma_attributes	modify	ehci_dma_attr.dma_attr_minxfer	ehci_int_mutex
osll	ehci_util.c	373		ehci_set_dma_attributes	modify	ehci_dma_attr.dma_attr_maxxfer	ehci_int_mutex
osll	ehci_util.c	374		ehci_set_dma_attributes	modify	ehci_dma_attr.dma_attr_seg	ehci_int_mutex
osll	ehci_util.c	375		ehci_set_dma_attributes	modify	ehci_dma_attr.dma_attr_sgllen	ehci_int_mutex
osll	ehci_util.c	376		ehci_set_dma_attributes	modify	ehci_dma_attr.dma_attr_granular	ehci_int_mutex
osll	ehci_util.c	377		ehci_set_dma_attributes	modify	ehci_dma_attr.dma_attr_flags	ehci_int_mutex
osll	ehci_util.c	407		ehci_allocate_pools	modify	ehci_dma_attr.dma_attr_align	ehci_int_mutex
osll	ehci_util.c	426		ehci_allocate_pools	read	ehci_qtd_pool_dma_handle	ehci_int_mutex
osll	ehci_util.c	441		ehci_allocate_pools	read	ehci_qtd_pool_dma_handle	ehci_int_mutex
osll	ehci_util.c	467		ehci_allocate_pools	modify	ehci_dma_addr_bind_flag	ehci_int_mutex
osll	ehci_util.c	496		ehci_allocate_pools	read	ehci_qh_pool_dma_handle	ehci_int_mutex
osll	ehci_util.c	511		ehci_allocate_pools	read	ehci_qh_pool_dma_handle	ehci_int_mutex
osll	ehci_util.c	534		ehci_allocate_pools	modify	ehci_dma_addr_bind_flag	ehci_int_mutex
osll	ehci_util.c	542		ehci_allocate_pools	modify	ehci_dma_attr.dma_attr_align	ehci_int_mutex
osll	ehci_util.c	548		ehci_allocate_pools	modify	ehci_dma_attr.dma_attr_align	ehci_int_mutex
osll	ehci_util.c	622		ehci_map_regs	read	ehci_config_handle	ehci_int_mutex
osll	ehci_util.c	650		ehci_map_regs	read	ehci_caps_handle	ehci_int_mutex
osll	ehci_util.c	650		ehci_map_regs	read	ehci_capsp	ehci_int_mutex
osll	ehci_util.c	669		ehci_map_regs	modify	ehci_regsp	ehci_int_mutex
osll	ehci_util.c	669		ehci_map_regs	read	ehci_capsp	ehci_int_mutex
osll	ehci_util.c	732		ehci_register_intrs_and_init_mutex	modify	ehci_msi_enabled	ehci_int_mutex
osll	ehci_util.c	735		ehci_register_intrs_and_init_mutex	modify	ehci_msi_enabled	ehci_int_mutex
osll	ehci_util.c	764		ehci_register_intrs_and_init_mutex	read	ehci_config_handle	ehci_int_mutex
osll	ehci_util.c	788		ehci_register_intrs_and_init_mutex	read	ehci_msi_enabled	ehci_int_mutex
osll	ehci_util.c	799		ehci_register_intrs_and_init_mutex	modify	ehci_intr_type	ehci_int_mutex
osll	ehci_util.c	800		ehci_register_intrs_and_init_mutex	modify	ehci_flags	ehci_int_mutex
osll	ehci_util.c	800		ehci_register_intrs_and_init_mutex	read	ehci_flags	ehci_int_mutex
osll	ehci_util.c	805		ehci_register_intrs_and_init_mutex	read	ehci_flags	ehci_int_mutex
osll	ehci_util.c	819		ehci_register_intrs_and_init_mutex	modify	ehci_intr_type	ehci_int_mutex
osll	ehci_util.c	820		ehci_register_intrs_and_init_mutex	modify	ehci_flags	ehci_int_mutex
osll	ehci_util.c	820		ehci_register_intrs_and_init_mutex	read	ehci_flags	ehci_int_mutex
osll	ehci_util.c	874		ehci_add_intrs	modify	ehci_htable	ehci_int_mutex
osll	ehci_util.c	881		ehci_add_intrs	read	ehci_htable	ehci_int_mutex
osll	ehci_util.c	887		ehci_add_intrs	read	ehci_htable	ehci_int_mutex
osll	ehci_util.c	898		ehci_add_intrs	read	ehci_htable	ehci_int_mutex
osll	ehci_util.c	900		ehci_add_intrs	read	ehci_htable	ehci_int_mutex
osll	ehci_util.c	905		ehci_add_intrs	modify	ehci_intr_cnt	ehci_int_mutex
osll	ehci_util.c	908		ehci_add_intrs	read	ehci_htable	ehci_int_mutex
osll	ehci_util.c	913		ehci_add_intrs	read	ehci_htable	ehci_int_mutex
osll	ehci_util.c	915		ehci_add_intrs	read	ehci_htable	ehci_int_mutex
osll	ehci_util.c	930		ehci_add_intrs	read	ehci_htable	ehci_int_mutex
osll	ehci_util.c	932		ehci_add_intrs	read	ehci_htable	ehci_int_mutex
osll	ehci_util.c	945		ehci_add_intrs	read	ehci_htable	ehci_int_mutex
osll	ehci_util.c	951		ehci_add_intrs	read	ehci_htable	ehci_int_mutex
osll	ehci_util.c	954		ehci_add_intrs	read	ehci_htable	ehci_int_mutex
osll	ehci_util.c	961		ehci_add_intrs	read	ehci_htable	ehci_int_mutex
osll	ehci_util.c	966		ehci_add_intrs	read	ehci_htable	ehci_int_mutex
osll	ehci_util.c	967		ehci_add_intrs	read	ehci_htable	ehci_int_mutex
osll	ehci_util.c	971		ehci_add_intrs	read	ehci_htable	ehci_int_mutex
osll	ehci_util.c	977		ehci_add_intrs	read	ehci_intr_cap	ehci_int_mutex
osll	ehci_util.c	980		ehci_add_intrs	read	ehci_htable	ehci_int_mutex
osll	ehci_util.c	980		ehci_add_intrs	read	ehci_intr_cnt	ehci_int_mutex
osll	ehci_util.c	983		ehci_add_intrs	read	ehci_intr_cnt	ehci_int_mutex
osll	ehci_util.c	984		ehci_add_intrs	read	ehci_htable	ehci_int_mutex
osll	ehci_util.c	984		ehci_add_intrs	read	ehci_intr_cnt	ehci_int_mutex
osll	ehci_util.c	1799		ehci_cleanup	read	ehci_flags	ehci_int_mutex
osll	ehci_util.c	1847		ehci_cleanup	read	ehci_caps_handle	ehci_int_mutex
osll	ehci_util.c	1851		ehci_cleanup	read	ehci_config_handle	ehci_int_mutex
osll	ehci_util.c	1893		ehci_cleanup	read	ehci_qtd_pool_dma_handle	ehci_int_mutex
osll	ehci_util.c	1901		ehci_cleanup	read	ehci_qtd_pool_dma_handle	ehci_int_mutex
osll	ehci_util.c	1914		ehci_cleanup	read	ehci_qh_pool_dma_handle	ehci_int_mutex
osll	ehci_util.c	1923		ehci_cleanup	read	ehci_qh_pool_dma_handle	ehci_int_mutex
osll	ehci_util.c	1929		ehci_cleanup	read	ehci_periodic_frame_list_tablep	ehci_int_mutex
osll	ehci_util.c	1929		ehci_cleanup	read	ehci_pflt_mem_handle	ehci_int_mutex
osll	ehci_util.c	1938		ehci_cleanup	read	ehci_pflt_dma_handle	ehci_int_mutex
osll	ehci_util.c	1948		ehci_cleanup	read	ehci_pflt_dma_handle	ehci_int_mutex
osll	ehci_util.c	1964		ehci_cleanup	read	ehci_hcdi_ops	ehci_int_mutex
osll	ehci_util.c	1965		ehci_cleanup	read	ehci_hcdi_ops	ehci_int_mutex
osll	ehci_util.c	1995		ehci_rem_intrs	read	ehci_intr_type	ehci_int_mutex
osll	ehci_util.c	1998		ehci_rem_intrs	read	ehci_intr_cap	ehci_int_mutex
osll	ehci_util.c	2000		ehci_rem_intrs	read	ehci_htable	ehci_int_mutex
osll	ehci_util.c	2000		ehci_rem_intrs	read	ehci_intr_cnt	ehci_int_mutex
osll	ehci_util.c	2002		ehci_rem_intrs	read	ehci_intr_cnt	ehci_int_mutex
osll	ehci_util.c	2004		ehci_rem_intrs	read	ehci_intr_cnt	ehci_int_mutex
osll	ehci_util.c	2008		ehci_rem_intrs	read	ehci_intr_cnt	ehci_int_mutex
osll	ehci_util.c	2011		ehci_rem_intrs	read	ehci_intr_cnt	ehci_int_mutex
osll	ehci_util.c	2014		ehci_rem_intrs	read	ehci_intr_cnt	ehci_int_mutex
osll	ehci_util.c	4493		ehci_create_stats	read	ehci_intrs_stats	ehci_int_mutex
osll	ehci_util.c	4499		ehci_create_stats	modify	ehci_intrs_stats	ehci_int_mutex
osll	ehci_util.c	4501		ehci_create_stats	read	ehci_intrs_stats	ehci_int_mutex
osll	ehci_util.c	4502		ehci_create_stats	read	ehci_intrs_stats	ehci_int_mutex
osll	ehci_util.c	4528		ehci_create_stats	read	ehci_intrs_stats	ehci_int_mutex
osll	ehci_util.c	4534		ehci_create_stats	read	ehci_total_stats	ehci_int_mutex
osll	ehci_util.c	4539		ehci_create_stats	modify	ehci_total_stats	ehci_int_mutex
osll	ehci_util.c	4541		ehci_create_stats	read	ehci_total_stats	ehci_int_mutex
osll	ehci_util.c	4542		ehci_create_stats	read	ehci_total_stats	ehci_int_mutex
osll	ehci_util.c	4547		ehci_create_stats	read	ehci_count_stats	ehci_int_mutex
osll	ehci_util.c	4552		ehci_create_stats	modify	ehci_count_stats	ehci_int_mutex
osll	ehci_util.c	4554		ehci_create_stats	read	ehci_count_stats	ehci_int_mutex
osll	ehci_util.c	4555		ehci_create_stats	read	ehci_count_stats	ehci_int_mutex
osll	ehci_util.c	4572		ehci_destroy_stats	read	ehci_intrs_stats	ehci_int_mutex
osll	ehci_util.c	4573		ehci_destroy_stats	read	ehci_intrs_stats	ehci_int_mutex
osll	ehci_util.c	4574		ehci_destroy_stats	modify	ehci_intrs_stats	ehci_int_mutex
osll	ehci_util.c	4577		ehci_destroy_stats	read	ehci_total_stats	ehci_int_mutex
osll	ehci_util.c	4578		ehci_destroy_stats	read	ehci_total_stats	ehci_int_mutex
osll	ehci_util.c	4579		ehci_destroy_stats	modify	ehci_total_stats	ehci_int_mutex
osll	ehci_util.c	4583		ehci_destroy_stats	read	ehci_count_stats	ehci_int_mutex
osll	ehci_util.c	4584		ehci_destroy_stats	read	ehci_count_stats	ehci_int_mutex
osll	ehci_util.c	4585		ehci_destroy_stats	modify	ehci_count_stats	ehci_int_mutex
osll	hcdi.c	1028		usba_hcdi_get_device_private	read	usb_hcd_private	usb_mutex
osll	hubdi.c	206		usba_hubdi_register	modify	usb_hubdi	usb_mutex
osll	hubdi.c	229		usba_hubdi_unregister	read	usb_hubdi	usb_mutex
osll	hubdi.c	1886		usba_hubdi_attach	modify	h_log_handle	h_mutex
osll	hubdi.c	1888		usba_hubdi_attach	modify	h_usba_device	h_mutex
osll	hubdi.c	1889		usba_hubdi_attach	modify	h_dip	h_mutex
osll	hubdi.c	1890		usba_hubdi_attach	modify	h_instance	h_mutex
osll	hubdi.c	1907		usba_hubdi_attach	modify	h_pipe_policy.pp_max_async_reqs	h_mutex
osll	hubdi.c	1939		usba_hubdi_attach	modify	h_default_pipe	h_mutex
osll	hubdi.c	1946		usba_hubdi_attach	modify	h_init_state	h_mutex
osll	hubdi.c	1946		usba_hubdi_attach	read	h_init_state	h_mutex
osll	hubdi.c	2118		usba_hubdi_attach	modify	h_cleanup_enabled	h_mutex
osll	hubdi.c	2771		hubd_cleanup	read	h_init_state	h_mutex
osll	hubdi.c	2927		hubd_cleanup	read	h_init_state	h_mutex
osll	hubdi.c	2932		hubd_cleanup	read	h_init_state	h_mutex
osll	hubdi.c	2940		hubd_cleanup	read	h_init_state	h_mutex
osll	hubdi.c	2950		hubd_cleanup	read	h_ancestry_str	h_mutex
osll	hubdi.c	2951		hubd_cleanup	read	h_ancestry_str	h_mutex
osll	hubdi.c	4738		hubd_status_uniform	modify	h_port_raw	h_mutex
osll	hubdi.c	6189		hubd_create_child	modify	usb_hcd_private	usb_mutex
osll	hubdi.c	6697		hubd_create_child	read	usb_hcd_private	usb_mutex
osll	hubdi.c	6698		hubd_create_child	modify	usb_hcd_private	usb_mutex
osll	hubdi.c	7553		hubd_create_pm_components	modify	h_hubpm	h_mutex
osll	hubdi.c	7554		hubd_create_pm_components	modify	hubp_hubd	h_mutex
osll	hubdi.c	7555		hubd_create_pm_components	modify	hubp_pm_capabilities	h_mutex
osll	hubdi.c	7556		hubd_create_pm_components	modify	hubp_current_power	h_mutex
osll	hubdi.c	7557		hubd_create_pm_components	modify	hubp_time_at_full_power	h_mutex
osll	hubdi.c	7558		hubd_create_pm_components	modify	hubp_min_pm_threshold	h_mutex
osll	hubdi.c	7562		hubd_create_pm_components	modify	hubp_child_pwrstate	h_mutex
osll	ohci.c	644		ohci_attach	modify	ohci_flags	ohci_int_mutex
osll	ohci.c	647		ohci_attach	modify	ohci_log_hdl	ohci_int_mutex
osll	ohci.c	649		ohci_attach	modify	ohci_flags	ohci_int_mutex
osll	ohci.c	649		ohci_attach	read	ohci_flags	ohci_int_mutex
osll	ohci.c	652		ohci_attach	modify	ohci_hc_soft_state	ohci_int_mutex
osll	ohci.c	661		ohci_attach	modify	ohci_dip	ohci_int_mutex
osll	ohci.c	662		ohci_attach	modify	ohci_instance	ohci_int_mutex
osll	ohci.c	683		ohci_attach	modify	ohci_vendor_id	ohci_int_mutex
osll	ohci.c	683		ohci_attach	read	ohci_config_handle	ohci_int_mutex
osll	ohci.c	685		ohci_attach	modify	ohci_device_id	ohci_int_mutex
osll	ohci.c	685		ohci_attach	read	ohci_config_handle	ohci_int_mutex
osll	ohci.c	687		ohci_attach	modify	ohci_rev_id	ohci_int_mutex
osll	ohci.c	687		ohci_attach	read	ohci_config_handle	ohci_int_mutex
osll	ohci.c	720		ohci_attach	read	ohci_hcdi_ops	ohci_int_mutex
osll	ohci.c	737		ohci_attach	modify	ohci_flags	ohci_int_mutex
osll	ohci.c	737		ohci_attach	read	ohci_flags	ohci_int_mutex
osll	ohci.c	756		ohci_attach	modify	ohci_flags	ohci_int_mutex
osll	ohci.c	756		ohci_attach	read	ohci_flags	ohci_int_mutex
osll	ohci.c	916		ohci_set_dma_attributes	modify	ohci_dma_attr.dma_attr_version	ohci_int_mutex
osll	ohci.c	917		ohci_set_dma_attributes	modify	ohci_dma_attr.dma_attr_addr_lo	ohci_int_mutex
osll	ohci.c	918		ohci_set_dma_attributes	modify	ohci_dma_attr.dma_attr_addr_hi	ohci_int_mutex
osll	ohci.c	921		ohci_set_dma_attributes	modify	ohci_dma_attr.dma_attr_count_max	ohci_int_mutex
osll	ohci.c	924		ohci_set_dma_attributes	modify	ohci_dma_attr.dma_attr_align	ohci_int_mutex
osll	ohci.c	930		ohci_set_dma_attributes	modify	ohci_dma_attr.dma_attr_burstsizes	ohci_int_mutex
osll	ohci.c	932		ohci_set_dma_attributes	modify	ohci_dma_attr.dma_attr_minxfer	ohci_int_mutex
osll	ohci.c	933		ohci_set_dma_attributes	modify	ohci_dma_attr.dma_attr_maxxfer	ohci_int_mutex
osll	ohci.c	934		ohci_set_dma_attributes	modify	ohci_dma_attr.dma_attr_seg	ohci_int_mutex
osll	ohci.c	935		ohci_set_dma_attributes	modify	ohci_dma_attr.dma_attr_sgllen	ohci_int_mutex
osll	ohci.c	936		ohci_set_dma_attributes	modify	ohci_dma_attr.dma_attr_granular	ohci_int_mutex
osll	ohci.c	937		ohci_set_dma_attributes	modify	ohci_dma_attr.dma_attr_flags	ohci_int_mutex
osll	ohci.c	966		ohci_allocate_pools	modify	ohci_dma_attr.dma_attr_align	ohci_int_mutex
osll	ohci.c	985		ohci_allocate_pools	read	ohci_td_pool_dma_handle	ohci_int_mutex
osll	ohci.c	1000		ohci_allocate_pools	read	ohci_td_pool_dma_handle	ohci_int_mutex
osll	ohci.c	1026		ohci_allocate_pools	modify	ohci_dma_addr_bind_flag	ohci_int_mutex
osll	ohci.c	1034		ohci_allocate_pools	modify	ohci_dma_attr.dma_attr_align	ohci_int_mutex
osll	ohci.c	1055		ohci_allocate_pools	read	ohci_ed_pool_dma_handle	ohci_int_mutex
osll	ohci.c	1068		ohci_allocate_pools	read	ohci_ed_pool_dma_handle	ohci_int_mutex
osll	ohci.c	1091		ohci_allocate_pools	modify	ohci_dma_addr_bind_flag	ohci_int_mutex
osll	ohci.c	1185		ohci_map_regs	read	ohci_config_handle	ohci_int_mutex
osll	ohci.c	1197		ohci_map_regs	read	ohci_config_handle	ohci_int_mutex
osll	ohci.c	1253		ohci_register_intrs_and_init_mutex	modify	ohci_msi_enabled	ohci_int_mutex
osll	ohci.c	1255		ohci_register_intrs_and_init_mutex	modify	ohci_msi_enabled	ohci_int_mutex
osll	ohci.c	1285		ohci_register_intrs_and_init_mutex	read	ohci_msi_enabled	ohci_int_mutex
osll	ohci.c	1296		ohci_register_intrs_and_init_mutex	modify	ohci_intr_type	ohci_int_mutex
osll	ohci.c	1297		ohci_register_intrs_and_init_mutex	modify	ohci_flags	ohci_int_mutex
osll	ohci.c	1297		ohci_register_intrs_and_init_mutex	read	ohci_flags	ohci_int_mutex
osll	ohci.c	1302		ohci_register_intrs_and_init_mutex	read	ohci_flags	ohci_int_mutex
osll	ohci.c	1316		ohci_register_intrs_and_init_mutex	modify	ohci_intr_type	ohci_int_mutex
osll	ohci.c	1317		ohci_register_intrs_and_init_mutex	modify	ohci_flags	ohci_int_mutex
osll	ohci.c	1317		ohci_register_intrs_and_init_mutex	read	ohci_flags	ohci_int_mutex
osll	ohci.c	1373		ohci_add_intrs	modify	ohci_htable	ohci_int_mutex
osll	ohci.c	1380		ohci_add_intrs	read	ohci_htable	ohci_int_mutex
osll	ohci.c	1386		ohci_add_intrs	read	ohci_htable	ohci_int_mutex
osll	ohci.c	1397		ohci_add_intrs	read	ohci_htable	ohci_int_mutex
osll	ohci.c	1399		ohci_add_intrs	read	ohci_htable	ohci_int_mutex
osll	ohci.c	1404		ohci_add_intrs	modify	ohci_intr_cnt	ohci_int_mutex
osll	ohci.c	1407		ohci_add_intrs	read	ohci_htable	ohci_int_mutex
osll	ohci.c	1412		ohci_add_intrs	read	ohci_htable	ohci_int_mutex
osll	ohci.c	1414		ohci_add_intrs	read	ohci_htable	ohci_int_mutex
osll	ohci.c	1429		ohci_add_intrs	read	ohci_htable	ohci_int_mutex
osll	ohci.c	1431		ohci_add_intrs	read	ohci_htable	ohci_int_mutex
osll	ohci.c	1444		ohci_add_intrs	read	ohci_htable	ohci_int_mutex
osll	ohci.c	1450		ohci_add_intrs	read	ohci_htable	ohci_int_mutex
osll	ohci.c	1453		ohci_add_intrs	read	ohci_htable	ohci_int_mutex
osll	ohci.c	1460		ohci_add_intrs	read	ohci_htable	ohci_int_mutex
osll	ohci.c	1465		ohci_add_intrs	read	ohci_htable	ohci_int_mutex
osll	ohci.c	1466		ohci_add_intrs	read	ohci_htable	ohci_int_mutex
osll	ohci.c	1470		ohci_add_intrs	read	ohci_htable	ohci_int_mutex
osll	ohci.c	1476		ohci_add_intrs	read	ohci_intr_cap	ohci_int_mutex
osll	ohci.c	1479		ohci_add_intrs	read	ohci_htable	ohci_int_mutex
osll	ohci.c	1479		ohci_add_intrs	read	ohci_intr_cnt	ohci_int_mutex
osll	ohci.c	1482		ohci_add_intrs	read	ohci_intr_cnt	ohci_int_mutex
osll	ohci.c	1483		ohci_add_intrs	read	ohci_htable	ohci_int_mutex
osll	ohci.c	1483		ohci_add_intrs	read	ohci_intr_cnt	ohci_int_mutex
osll	ohci.c	1760		ohci_init_hcca	read	ohci_regs_handle	ohci_int_mutex
osll	ohci.c	1942		ohci_take_control	read	ohci_regs_handle	ohci_int_mutex
osll	ohci.c	2073		ohci_cleanup	read	ohci_flags	ohci_int_mutex
osll	ohci.c	2142		ohci_cleanup	read	ohci_regs_handle	ohci_int_mutex
osll	ohci.c	2144		ohci_cleanup	read	ohci_regs_handle	ohci_int_mutex
osll	ohci.c	2149		ohci_cleanup	read	ohci_config_handle	ohci_int_mutex
osll	ohci.c	2189		ohci_cleanup	read	ohci_td_pool_dma_handle	ohci_int_mutex
osll	ohci.c	2197		ohci_cleanup	read	ohci_td_pool_dma_handle	ohci_int_mutex
osll	ohci.c	2210		ohci_cleanup	read	ohci_ed_pool_dma_handle	ohci_int_mutex
osll	ohci.c	2219		ohci_cleanup	read	ohci_ed_pool_dma_handle	ohci_int_mutex
osll	ohci.c	2233		ohci_cleanup	read	ohci_hcca_dma_handle	ohci_int_mutex
osll	ohci.c	2241		ohci_cleanup	read	ohci_hcca_dma_handle	ohci_int_mutex
osll	ohci.c	2261		ohci_cleanup	read	ohci_hcdi_ops	ohci_int_mutex
osll	ohci.c	2262		ohci_cleanup	read	ohci_hcdi_ops	ohci_int_mutex
osll	ohci.c	2292		ohci_rem_intrs	read	ohci_intr_type	ohci_int_mutex
osll	ohci.c	2295		ohci_rem_intrs	read	ohci_intr_cap	ohci_int_mutex
osll	ohci.c	2297		ohci_rem_intrs	read	ohci_htable	ohci_int_mutex
osll	ohci.c	2297		ohci_rem_intrs	read	ohci_intr_cnt	ohci_int_mutex
osll	ohci.c	2299		ohci_rem_intrs	read	ohci_intr_cnt	ohci_int_mutex
osll	ohci.c	2301		ohci_rem_intrs	read	ohci_intr_cnt	ohci_int_mutex
osll	ohci.c	2305		ohci_rem_intrs	read	ohci_intr_cnt	ohci_int_mutex
osll	ohci.c	2308		ohci_rem_intrs	read	ohci_intr_cnt	ohci_int_mutex
osll	ohci.c	2311		ohci_rem_intrs	read	ohci_intr_cnt	ohci_int_mutex
osll	ohci.c	10906		ohci_create_stats	read	ohci_intrs_stats	ohci_int_mutex
osll	ohci.c	10912		ohci_create_stats	modify	ohci_intrs_stats	ohci_int_mutex
osll	ohci.c	10914		ohci_create_stats	read	ohci_intrs_stats	ohci_int_mutex
osll	ohci.c	10915		ohci_create_stats	read	ohci_intrs_stats	ohci_int_mutex
osll	ohci.c	10937		ohci_create_stats	read	ohci_intrs_stats	ohci_int_mutex
osll	ohci.c	10943		ohci_create_stats	read	ohci_total_stats	ohci_int_mutex
osll	ohci.c	10948		ohci_create_stats	modify	ohci_total_stats	ohci_int_mutex
osll	ohci.c	10950		ohci_create_stats	read	ohci_total_stats	ohci_int_mutex
osll	ohci.c	10951		ohci_create_stats	read	ohci_total_stats	ohci_int_mutex
osll	ohci.c	10956		ohci_create_stats	read	ohci_count_stats	ohci_int_mutex
osll	ohci.c	10961		ohci_create_stats	modify	ohci_count_stats	ohci_int_mutex
osll	ohci.c	10963		ohci_create_stats	read	ohci_count_stats	ohci_int_mutex
osll	ohci.c	10964		ohci_create_stats	read	ohci_count_stats	ohci_int_mutex
osll	ohci.c	10981		ohci_destroy_stats	read	ohci_intrs_stats	ohci_int_mutex
osll	ohci.c	10982		ohci_destroy_stats	read	ohci_intrs_stats	ohci_int_mutex
osll	ohci.c	10983		ohci_destroy_stats	modify	ohci_intrs_stats	ohci_int_mutex
osll	ohci.c	10986		ohci_destroy_stats	read	ohci_total_stats	ohci_int_mutex
osll	ohci.c	10987		ohci_destroy_stats	read	ohci_total_stats	ohci_int_mutex
osll	ohci.c	10988		ohci_destroy_stats	modify	ohci_total_stats	ohci_int_mutex
osll	ohci.c	10992		ohci_destroy_stats	read	ohci_count_stats	ohci_int_mutex
osll	ohci.c	10993		ohci_destroy_stats	read	ohci_count_stats	ohci_int_mutex
osll	ohci.c	10994		ohci_destroy_stats	modify	ohci_count_stats	ohci_int_mutex
osll	usba.c	690		usba_free_usba_device	read	usb_hcd_private	usb_mutex
osll	usba.c	691		usba_free_usba_device	modify	usb_hcd_private	usb_mutex
osll	usba_bos.c	213		usba_bos_save	modify	usb_bos_nalloc	usb_mutex
osll	usba_bos.c	214		usba_bos_save	modify	usb_bos_nents	usb_mutex
osll	usba_bos.c	215		usba_bos_save	modify	usb_bos	usb_mutex
osll	usba_bos.c	310		usba_get_binary_object_store	modify	usb_bos_mp	usb_mutex
osll	usba_bos.c	381		usba_add_binary_object_store_props	read	usb_bos	usb_mutex
osll	usba_bos.c	385		usba_add_binary_object_store_props	read	usb_bos_nents	usb_mutex
osll	usba_bos.c	386		usba_add_binary_object_store_props	read	usb_bos	usb_mutex
osll	usba_bos.c	404		usba_add_binary_object_store_props	read	usb_bos_nents	usb_mutex
osll	usba_bos.c	410		usba_free_binary_object_store	read	usb_bos_mp	usb_mutex
osll	usba_bos.c	411		usba_free_binary_object_store	read	usb_bos_mp	usb_mutex
osll	usba_bos.c	412		usba_free_binary_object_store	modify	usb_bos_mp	usb_mutex
osll	usba_bos.c	415		usba_free_binary_object_store	read	usb_bos	usb_mutex
osll	usba_bos.c	416		usba_free_binary_object_store	read	usb_bos	usb_mutex
osll	usba_bos.c	416		usba_free_binary_object_store	read	usb_bos_nalloc	usb_mutex
osll	usba_bos.c	417		usba_free_binary_object_store	modify	usb_bos	usb_mutex
osll	usba_bos.c	418		usba_free_binary_object_store	modify	usb_bos_nalloc	usb_mutex
osll	usba_bos.c	418		usba_free_binary_object_store	modify	usb_bos_nents	usb_mutex
osll	usbprn.c	344		usbprn_attach	modify	usbprn_instance	usbprn_mutex
osll	usbprn.c	345		usbprn_attach	modify	usbprn_dip	usbprn_mutex
osll	usbprn.c	348		usbprn_attach	modify	usbprn_log_handle	usbprn_mutex
osll	usbprn.c	371		usbprn_attach	modify	usbprn_write_acc	usbprn_mutex
osll	usbprn.c	373		usbprn_attach	modify	usbprn_ser_acc	usbprn_mutex
osll	usbprn.c	374		usbprn_attach	modify	usbprn_dev_acc	usbprn_mutex
osll	usbprn.c	376		usbprn_attach	modify	usbprn_flags	usbprn_mutex
osll	usbprn.c	376		usbprn_attach	read	usbprn_flags	usbprn_mutex
osll	usbprn.c	386		usbprn_attach	modify	usbprn_def_ph	usbprn_mutex
osll	usbprn.c	404		usbprn_attach	read	usbprn_last_status	usbprn_mutex
osll	usbprn.c	406		usbprn_attach	read	usbprn_last_status	usbprn_mutex
osll	usbprn.c	424		usbprn_attach	modify	usbprn_setparms.write_timeout	usbprn_mutex
osll	usbprn.c	425		usbprn_attach	modify	usbprn_setparms.mode	usbprn_mutex
osll	usbprn.c	426		usbprn_attach	modify	usbprn_dev_state	usbprn_mutex
osll	usbprn.c	433		usbprn_attach	modify	usbprn_max_bulk_xfer_size	usbprn_mutex
osll	usbprn.c	450		usbprn_attach	modify	usbprn_dev_data	usbprn_mutex
osll	usbprn.c	462		usbprn_attach	modify	usbprn_ugen_hdl	usbprn_mutex
osll	usbprn.c	471		usbprn_attach	modify	usbprn_ugen_hdl	usbprn_mutex
osll	usbprn.c	510		usbprn_detach	read	usbprn_flags	usbprn_mutex
osll	usbprn.c	541		usbprn_cleanup	read	usbprn_flags	usbprn_mutex
osll	usbprn.c	752		usbprn_get_descriptors	modify	usbprn_config_descr.bConfigurationValue	usbprn_mutex
osll	usbprn.c	752		usbprn_get_descriptors	modify	usbprn_config_descr.bDescriptorType	usbprn_mutex
osll	usbprn.c	752		usbprn_get_descriptors	modify	usbprn_config_descr.bLength	usbprn_mutex
osll	usbprn.c	752		usbprn_get_descriptors	modify	usbprn_config_descr.bMaxPower	usbprn_mutex
osll	usbprn.c	752		usbprn_get_descriptors	modify	usbprn_config_descr.bNumInterfaces	usbprn_mutex
osll	usbprn.c	752		usbprn_get_descriptors	modify	usbprn_config_descr.bmAttributes	usbprn_mutex
osll	usbprn.c	752		usbprn_get_descriptors	modify	usbprn_config_descr.iConfiguration	usbprn_mutex
osll	usbprn.c	752		usbprn_get_descriptors	modify	usbprn_config_descr.wTotalLength	usbprn_mutex
osll	usbprn.c	753		usbprn_get_descriptors	modify	usbprn_if_descr.bAlternateSetting	usbprn_mutex
osll	usbprn.c	753		usbprn_get_descriptors	modify	usbprn_if_descr.bDescriptorType	usbprn_mutex
osll	usbprn.c	753		usbprn_get_descriptors	modify	usbprn_if_descr.bInterfaceClass	usbprn_mutex
osll	usbprn.c	753		usbprn_get_descriptors	modify	usbprn_if_descr.bInterfaceNumber	usbprn_mutex
osll	usbprn.c	753		usbprn_get_descriptors	modify	usbprn_if_descr.bInterfaceProtocol	usbprn_mutex
osll	usbprn.c	753		usbprn_get_descriptors	modify	usbprn_if_descr.bInterfaceSubClass	usbprn_mutex
osll	usbprn.c	753		usbprn_get_descriptors	modify	usbprn_if_descr.bLength	usbprn_mutex
osll	usbprn.c	753		usbprn_get_descriptors	modify	usbprn_if_descr.bNumEndpoints	usbprn_mutex
osll	usbprn.c	753		usbprn_get_descriptors	modify	usbprn_if_descr.iInterface	usbprn_mutex
osll	usbprn.c	761		usbprn_get_descriptors	modify	usbprn_bulk_out.ps_ept_descr.bDescriptorType	usbprn_mutex
osll	usbprn.c	761		usbprn_get_descriptors	modify	usbprn_bulk_out.ps_ept_descr.bEndpointAddress	usbprn_mutex
osll	usbprn.c	761		usbprn_get_descriptors	modify	usbprn_bulk_out.ps_ept_descr.bInterval	usbprn_mutex
osll	usbprn.c	761		usbprn_get_descriptors	modify	usbprn_bulk_out.ps_ept_descr.bLength	usbprn_mutex
osll	usbprn.c	761		usbprn_get_descriptors	modify	usbprn_bulk_out.ps_ept_descr.bmAttributes	usbprn_mutex
osll	usbprn.c	761		usbprn_get_descriptors	modify	usbprn_bulk_out.ps_ept_descr.wMaxPacketSize	usbprn_mutex
osll	usbprn.c	765		usbprn_get_descriptors	modify	usbprn_bulk_in.ps_ept_descr.bDescriptorType	usbprn_mutex
osll	usbprn.c	765		usbprn_get_descriptors	modify	usbprn_bulk_in.ps_ept_descr.bEndpointAddress	usbprn_mutex
osll	usbprn.c	765		usbprn_get_descriptors	modify	usbprn_bulk_in.ps_ept_descr.bInterval	usbprn_mutex
osll	usbprn.c	765		usbprn_get_descriptors	modify	usbprn_bulk_in.ps_ept_descr.bLength	usbprn_mutex
osll	usbprn.c	765		usbprn_get_descriptors	modify	usbprn_bulk_in.ps_ept_descr.bmAttributes	usbprn_mutex
osll	usbprn.c	765		usbprn_get_descriptors	modify	usbprn_bulk_in.ps_ept_descr.wMaxPacketSize	usbprn_mutex
osll	usbprn.c	807		usbprn_get_device_id	read	usbprn_config_descr.iConfiguration	usbprn_mutex
osll	usbprn.c	2666		usbprn_create_pm_components	modify	usbprn_pm	usbprn_mutex
