../locklint: commands/readable.c:44:23: warning: locklint: protected member 'readable' modified without holding 'lock' [unprotected-access]
../locklint: commands/readable.c:46:38: warning: locklint: protected member 'readable_group.second' modified without holding 'lock' [unprotected-access]
../locklint: commands/readable.c:48:9: warning: locklint: protected member 'command_global' modified without holding 'command_global_lock' [unprotected-access]
../locklint: commands/readable-other.c:44:14: warning: locklint: protected member 'readable' modified without holding 'lock' [unprotected-access]
../locklint: commands/readable-other.c:56:34: warning: locklint: protected member 'readable' modified without holding 'lock' [unprotected-access]
