#
# This file and its contents are supplied under the terms of the
# Common Development and Distribution License ("CDDL"), version 1.0.
# You may only use this file in accordance with the terms of version
# 1.0 of the CDDL.
#
# A full copy of the text of the CDDL should have accompanied this
# source.  A copy of the CDDL is also available via the Internet at
# http://www.illumos.org/license/CDDL.
#
#
# Copyright 2013 Nexenta Systems, Inc.  All rights reserved.
#
# This is a list of "hollow" packages that should be removed when
# converting a global zone to non-global.  The names are in the
# form that dpkg uses to identify them (lower case).
#
# It would be better if we could deterimine this list based on
# dpkg meta-data, but that information is not presently carried.
#
brcmbnx
brcmbnxe
cpqary3
sunw1394
sunwaac
sunwad810
sunwadixp
sunwadpu320
sunwafe
sunwagp
sunwahci
sunwamd8111s
sunwamr
sunwarbel
sunwarcmsr
sunwarn
sunwatge
sunwatheros
sunwatigfx
sunwatu
sunwaudd
sunwaudiocmi
sunwaudioemu10k
sunwaudiohd
sunwaudiols
sunwaudiop16x
sunwaudiosolo
sunwaudiovia97
sunwav1394
sunwbcmsata
sunwbfe
sunwbge
sunwcakr
sunwcakrx
sunwcfclr
sunwcfplr
sunwchxge
sunwckr
sunwcpc
sunwcpr
sunwcsd
sunwcti2
sunwcvc
sunwcvcr
sunwdcar
sunwdcopy
sunwdcsr
sunwdmfe
sunwdrcr
sunwdrmr
sunwdrr
sunwdscpr
sunwdscpu
sunwdtrp
sunwefc
sunwefck
sunwefcr
sunwemlxs
sunwerid
sunwfchbar
sunwfcip
sunwfcoe
sunwfcoei
sunwfcoet
sunwfcp
sunwfcprtr
sunwfcsm
sunwfctl
sunwfipe
sunwfsr
sunwfsu
sunwftdur
sunwfwdc
sunwfwdcu
sunwfwflash
sunwgrub
sunwgssk
sunwhalr
sunwhermon
sunwhmd
sunwhxge
sunwib
sunwibdmar
sunwibsdp
sunwibsdpib
sunwibsdpu
sunwidn
sunwifp
sunwigb
sunwiir
sunwiiu
sunwimacr
sunwimar
sunwintgige
sunwio-tools
sunwiopc
sunwipfh
sunwipoib
sunwipw
sunwiscsidmr
sunwiscsidmu
sunwiscsir
sunwiscsitgtr
sunwiscsitgtu
sunwiscsitr
sunwiwh
sunwiwi
sunwiwk
sunwiwp
sunwixgb
sunwixgbe
sunwldomr
sunwldomu
sunwllcr
sunwlsimega
sunwluxd
sunwluxl
sunwluxopr
sunwlxr
sunwlxu
sunwmdar
sunwmdbr
sunwmdr
sunwmegasas
sunwmmsr
sunwmpapir
sunwmpsvplr
sunwmptsas
sunwmrsas
sunwmv88sx
sunwmwl
sunwmxfe
sunwmyri10ge
sunwn2cp
sunwncar
sunwndmpr
sunwndmpu
sunwnfsckr
sunwnfsskr
sunwnge
sunwniumx
sunwntxn
sunwnvsata
sunwnxge
sunwonzfsr
sunwos86r
sunwpacketu
sunwpcan
sunwpcmci
sunwpcser
sunwpcwl
sunwpd
sunwpiclr
sunwpmcsr
sunwpmcsu
sunwpmr
sunwpoolr
sunwpsdcr
sunwpsdir
sunwpsdpr
sunwqfed
sunwqlc
sunwqos
sunwqus
sunwralink
sunwrdcr
sunwrdcu
sunwrds
sunwrge
sunwrmodr
sunwrmvolmgrr
sunwrpcib
sunwrsgk
sunwrsmo
sunwrtls
sunwrtw
sunwrum
sunwrwd
sunwrwn
sunwsbp2
sunwsckm
sunwsckmr
sunwscmr
sunwscmu
sunwscsa1394
sunwsdcard
sunwses
sunwsfdrr
sunwsfe
sunwsi3124
sunwsmbfskr
sunwsmbskr
sunwsmhbar
sunwsmpd
sunwspsvr
sunwspsvu
sunwsrptr
sunwssad
sunwstmf
sunwtavor
sunwtpm
sunwtsg
sunwuacm
sunwuath
sunwudaplr
sunwudapltr
sunwudfr
sunwuedg
sunwuftdi
sunwugen
sunwuksp
sunwukspfw
sunwuprl
sunwural
sunwurtw
sunwus
sunwusb
sunwusbs
sunwusbvc
sunwust1
sunwust2
sunwuwb
sunwvia823x
sunwvr
sunwvscankr
sunwwpi
sunwxdt
sunwxge
sunwxsvc
sunwxvmipar
sunwxvmipau
sunwxvmpv
sunwyge
sunwzfskr
sunwzoner
sunwzyd
